// Jest Snapshot v1, https://goo.gl/fbAQLP

exports[`HeaderComponent Check if matches HeaderComponent Snapshot 1`] = `
<div
  data-testid="headerComponent"
>
  <nav
    className="navbar navbar-light bg-white"
  >
    <a
      className="navbar-brand"
      href="/"
    >
      <img
        alt=""
        className="d-inline-block align-top"
        src="logo.png"
        width="100px"
      />
    </a>
    <span
      className="languageSwitcherContainer"
    >
      <div
        data-testid="languageSwitcherComponent"
      >
        <span>
          English
           | 
        </span>
        <span>
          <a
            className="bx--link"
            href="#"
            onClick={[Function]}
          >
            Polish
          </a>
          
        </span>
      </div>
    </span>
  </nav>
  <nav
    className="navbar navbar-expand-lg navbar-light bg-light"
  >
    <div
      className="collapse navbar-collapse"
      id="navbarNav"
    >
      <ul
        className="navbar-nav"
      >
        <li
          className="nav-item"
        >
          <a
            className="nav-link"
            href="/"
            onClick={[Function]}
          >
            Home
          </a>
        </li>
        <li
          className="nav-item"
        >
          <a
            className="nav-link"
            href="/articles"
            onClick={[Function]}
          >
            Articles
          </a>
        </li>
      </ul>
    </div>
  </nav>
</div>
`;
