// Jest Snapshot v1, https://goo.gl/fbAQLP

exports[`HomeComponent Check if matches HomeComponent Snapshot 1`] = `
<div
  data-testid="homeComponent"
>
  <img
    src="https://i2.wp.com/spyderslab.com/wp-content/uploads/2018/06/digital_marketing_spyderslab.jpg?resize=1170%2C480&ssl=1"
  />
</div>
`;
