// Jest Snapshot v1, https://goo.gl/fbAQLP

exports[`matches snapshot 1`] = `
<div
  className="App"
>
  <div
    data-testid="rootContainer"
  >
    <div
      data-testid="headerContainer"
    />
    <div
      data-testid="headerComponent"
    >
      <nav
        className="navbar navbar-light bg-white"
      >
        <a
          className="navbar-brand"
          href="/"
        >
          <img
            alt=""
            className="d-inline-block align-top"
            src="logo.png"
            width="100px"
          />
        </a>
        <span
          className="languageSwitcherContainer"
        >
          <div
            data-testid="languageSwitcherComponent"
          >
            <span>
              English
               | 
            </span>
            <span>
              <a
                className="bx--link"
                href="#"
                onClick={[Function]}
              >
                Polish
              </a>
              
            </span>
          </div>
        </span>
      </nav>
      <nav
        className="navbar navbar-expand-lg navbar-light bg-light"
      >
        <div
          className="collapse navbar-collapse"
          id="navbarNav"
        >
          <ul
            className="navbar-nav"
          >
            <li
              className="nav-item active"
            >
              <a
                className="nav-link"
                href="/"
                onClick={[Function]}
              >
                Home
              </a>
            </li>
            <li
              className="nav-item"
            >
              <a
                className="nav-link"
                href="/articles"
                onClick={[Function]}
              >
                Articles
              </a>
            </li>
          </ul>
        </div>
      </nav>
    </div>
    <div
      className="jumbotron jumbotron-fluid"
    >
      <div
        data-testid="homeContainer"
      />
      <img
        src="https://i2.wp.com/spyderslab.com/wp-content/uploads/2018/06/digital_marketing_spyderslab.jpg?resize=1170%2C480&ssl=1"
      />
    </div>
  </div>
</div>
`;
